============================= test session starts ==============================
platform linux -- Python 3.12.14, pytest-9.1.1, pluggy-1.6.0 -- /opt/hostedtoolcache/Python/3.12.14/x64/bin/python
cachedir: .pytest_cache
rootdir: /home/runner/work/Nayvadius/Nayvadius
configfile: pyproject.toml
testpaths: tests
collecting ... collected 32 items / 1 error

==================================== ERRORS ====================================
_________________ ERROR collecting tests/test_cross_source.py __________________
/opt/hostedtoolcache/Python/3.12.14/x64/lib/python3.12/site-packages/_pytest/python.py:508: in importtestmodule
    mod = import_path(
/opt/hostedtoolcache/Python/3.12.14/x64/lib/python3.12/site-packages/_pytest/pathlib.py:596: in import_path
    importlib.import_module(module_name)
/opt/hostedtoolcache/Python/3.12.14/x64/lib/python3.12/importlib/__init__.py:90: in import_module
    return _bootstrap._gcd_import(name[level:], package, level)
           ^^^^^^^^^^^^^^^^^^^^^^^^^^^^^^^^^^^^^^^^^^^^^^^^^^^^
<frozen importlib._bootstrap>:1387: in _gcd_import
    ???
<frozen importlib._bootstrap>:1360: in _find_and_load
    ???
<frozen importlib._bootstrap>:1331: in _find_and_load_unlocked
    ???
<frozen importlib._bootstrap>:935: in _load_unlocked
    ???
/opt/hostedtoolcache/Python/3.12.14/x64/lib/python3.12/site-packages/_pytest/assertion/rewrite.py:179: in exec_module
    source_stat, co = _rewrite_test(fn, self.config)
                      ^^^^^^^^^^^^^^^^^^^^^^^^^^^^^^
/opt/hostedtoolcache/Python/3.12.14/x64/lib/python3.12/site-packages/_pytest/assertion/rewrite.py:348: in _rewrite_test
    tree = ast.parse(source, filename=strfn)
           ^^^^^^^^^^^^^^^^^^^^^^^^^^^^^^^^^
/opt/hostedtoolcache/Python/3.12.14/x64/lib/python3.12/ast.py:52: in parse
    return compile(source, filename, mode, flags,
E     File "/home/runner/work/Nayvadius/Nayvadius/tests/test_cross_source.py", line 1
E       [object Object]
E        ^^^^^^^^^^^^^
E   SyntaxError: invalid syntax. Perhaps you forgot a comma?
=========================== short test summary info ============================
ERROR tests/test_cross_source.py
!!!!!!!!!!!!!!!!!!!! Interrupted: 1 error during collection !!!!!!!!!!!!!!!!!!!!
=============================== 1 error in 0.23s ===============================
